🏎️  ULTIMATESPECS SCRAPER v3 — UNLIMITED + AUTO-CREATE

════════════════════════════════════════════════════════════
Cache: 11.666666666666666 brands, 933 models, 4053 generations

📦 BMW
   Model pages: 29
......................................................................................
📦 MERCEDES-BENZ
   Model pages: 22
..............................................................................................................................................................................................
📦 AUDI
   Model pages: 6
...................
📦 VOLKSWAGEN
   Model pages: 28
.......................................................................................................................
📦 PORSCHE
   Model pages: 11
.....................................................
📦 TOYOTA
   Model pages: 59
.................................................................................................................................................................................................................................................
📦 HONDA
   Model pages: 66
.......................................................................................................................................................................................................................
📦 MAZDA
   ❌ No brand page

📦 NISSAN
   Model pages: 23
........................................................................................................................................................................................E
📦 HYUNDAI
   Model pages: 21
........................................................................................
📦 KIA
   Model pages: 16
............................................................................
📦 VOLVO
   Model pages: 16
....................................................................................
📦 PEUGEOT
   Model pages: 21
..............................................................................................................................................................................................................
📦 RENAULT
   Model pages: 41
........................................................................................................................
📦 SKODA
   Model pages: 18
....................................................................
📦 TESLA
   Model pages: 4
............................
📦 FORD
   Model pages: 27
..............................................................................................................................................
📦 OPEL
   Model pages: 16
.............................................................................
📦 LEXUS
   Model pages: 8
..............................
📦 MINI
   Model pages: 5
......................................
📦 FIAT
   Model pages: 28
...........................................................................................................................................................................................
📦 SEAT
   Model pages: 9
........................................................
⚠️  Cupra — not in DB, skipping

📦 JAGUAR
   Model pages: 9
............................................
📦 LAND-ROVER
   Model pages: 2
....
📦 ALFA-ROMEO
   Model pages: 31
............................................................................................................................................................................................................
⚠️  Citroën — not in DB, skipping

⚠️  DS — not in DB, skipping

⚠️  Subaru — not in DB, skipping

⚠️  Suzuki — not in DB, skipping

⚠️  Mitsubishi — not in DB, skipping

⚠️  Dacia — not in DB, skipping


════════════════════════════════════════════════════════════
🏎️  ULTIMATESPECS v3 COMPLETE
════════════════════════════════════════════════════════════
   HTTP requests:        3144
   Versions scraped:     2560
   Specs extracted:      102970
   Generations touched:  431
   Brands skipped:       7
   Errors:               1
   ─────────────────────────────
   DB models total:      1245
   DB generations total: 4305
   DB specs total:       328270
════════════════════════════════════════════════════════════
