🎬 FLM AUTO - YouTube Video Scraper

🔑 API key loaded (AIzaSyBe...)

📊 Searching for 35 vehicle models

🚗 BMW 3 Series...
   ✅ 20 videos found
🚗 BMW 5 Series...
   ✅ 20 videos found
🚗 BMW X3...
   ✅ 20 videos found
🚗 BMW X5...
   ✅ 20 videos found
🚗 BMW iX...
   ✅ 20 videos found
🚗 BMW i4...
   ✅ 20 videos found
🚗 Mercedes-Benz C-Class...
   ✅ 20 videos found
🚗 Mercedes-Benz E-Class...
   ✅ 20 videos found
🚗 Mercedes-Benz S-Class...
   ✅ 20 videos found
🚗 Mercedes-Benz GLC...
   ✅ 20 videos found
🚗 Mercedes-Benz EQS...
   ✅ 20 videos found
🚗 Audi A4...
   ✅ 20 videos found
🚗 Audi A6...
   ✅ 20 videos found
🚗 Audi Q5...
   ✅ 20 videos found
🚗 Audi Q7...
   ✅ 20 videos found
🚗 Audi e-tron GT...
   ✅ 20 videos found
🚗 Volkswagen Golf...
   ✅ 20 videos found
🚗 Volkswagen Tiguan...
   ✅ 20 videos found
🚗 Volkswagen ID.4...
   ✅ 20 videos found
🚗 Porsche 911...
   ✅ 20 videos found
🚗 Porsche Cayenne...
   ✅ 20 videos found
🚗 Porsche Taycan...
   ✅ 20 videos found
🚗 Porsche Macan...
   ✅ 20 videos found
🚗 Tesla Model 3...
   ✅ 20 videos found
🚗 Tesla Model Y...
   ✅ 20 videos found
🚗 Tesla Model S...
   ✅ 20 videos found
🚗 Hyundai Ioniq 5...
   ✅ 20 videos found
🚗 Hyundai Ioniq 6...
   ✅ 15 videos found
🚗 Hyundai Tucson...
   ✅ 20 videos found
🚗 Volvo XC60...
   ✅ 20 videos found
🚗 Volvo XC90...
   ✅ 15 videos found
🚗 Volvo EX30...
   ✅ 15 videos found
🚗 Skoda Octavia...
   ✅ 20 videos found

⚠️ Approaching quota limit, stopping...

══════════════════════════════════════════════════
📊 Scraping Complete:
══════════════════════════════════════════════════
   Vehicles processed: 33
   Total videos: 645
   API quota used: ~9164 units

📁 Saved to: ../data/youtube_videos.json
📁 Index saved to: ../data/youtube_by_model.json
