🎬 FLM AUTO - YouTube Video Scraper

🔑 API key loaded (AIzaSyBe...)

📊 Searching for 35 vehicle models

🚗 BMW 3 Series...
   ✅ 20 videos found
🚗 BMW 5 Series...
   ✅ 20 videos found
🚗 BMW X3...
   ✅ 20 videos found
🚗 BMW X5...
   ✅ 20 videos found
🚗 BMW iX...
   ✅ 20 videos found
🚗 BMW i4...
   ✅ 20 videos found
🚗 Mercedes-Benz C-Class...
   ✅ 20 videos found
🚗 Mercedes-Benz E-Class...
   ⚠️ API error: The request cannot be completed because you have exceeded your <a href="/youtube/v3/getting-started#quota">quota</a>.
   ✅ 20 videos found
🚗 Mercedes-Benz S-Class...
   ⚠️ API error: The request cannot be completed because you have exceeded your <a href="/youtube/v3/getting-started#quota">quota</a>.
   ⚠️ API error: The request cannot be completed because you have exceeded your <a href="/youtube/v3/getting-started#quota">quota</a>.
   ✅ 20 videos found
🚗 Mercedes-Benz GLC...
   ⚠️ API error: The request cannot be completed because you have exceeded your <a href="/youtube/v3/getting-started#quota">quota</a>.
   ⚠️ API error: The request cannot be completed because you have exceeded your <a href="/youtube/v3/getting-started#quota">quota</a>.
   ⚠️ API error: The request cannot be completed because you have exceeded your <a href="/youtube/v3/getting-started#quota">quota</a>.
   ✅ 0 videos found
🚗 Mercedes-Benz EQS...
   ⚠️ API error: The request cannot be completed because you have exceeded your <a href="/youtube/v3/getting-started#quota">quota</a>.
   ⚠️ API error: The request cannot be completed because you have exceeded your <a href="/youtube/v3/getting-started#quota">quota</a>.
   ✅ 0 videos found
🚗 Audi A4...
   ⚠️ API error: The request cannot be completed because you have exceeded your <a href="/youtube/v3/getting-started#quota">quota</a>.
   ⚠️ API error: The request cannot be completed because you have exceeded your <a href="/youtube/v3/getting-started#quota">quota</a>.
   ⚠️ API error: The request cannot be completed because you have exceeded your <a href="/youtube/v3/getting-started#quota">quota</a>.
   ✅ 0 videos found
🚗 Audi A6...
   ⚠️ API error: The request cannot be completed because you have exceeded your <a href="/youtube/v3/getting-started#quota">quota</a>.
   ⚠️ API error: The request cannot be completed because you have exceeded your <a href="/youtube/v3/getting-started#quota">quota</a>.
   ⚠️ API error: The request cannot be completed because you have exceeded your <a href="/youtube/v3/getting-started#quota">quota</a>.
   ✅ 0 videos found
🚗 Audi Q5...
   ⚠️ API error: The request cannot be completed because you have exceeded your <a href="/youtube/v3/getting-started#quota">quota</a>.
   ⚠️ API error: The request cannot be completed because you have exceeded your <a href="/youtube/v3/getting-started#quota">quota</a>.
   ✅ 0 videos found
🚗 Audi Q7...
   ⚠️ API error: The request cannot be completed because you have exceeded your <a href="/youtube/v3/getting-started#quota">quota</a>.
   ⚠️ API error: The request cannot be completed because you have exceeded your <a href="/youtube/v3/getting-started#quota">quota</a>.
   ✅ 0 videos found
🚗 Audi e-tron GT...
   ⚠️ API error: The request cannot be completed because you have exceeded your <a href="/youtube/v3/getting-started#quota">quota</a>.
   ⚠️ API error: The request cannot be completed because you have exceeded your <a href="/youtube/v3/getting-started#quota">quota</a>.
   ✅ 0 videos found
🚗 Volkswagen Golf...
   ⚠️ API error: The request cannot be completed because you have exceeded your <a href="/youtube/v3/getting-started#quota">quota</a>.
   ⚠️ API error: The request cannot be completed because you have exceeded your <a href="/youtube/v3/getting-started#quota">quota</a>.
   ⚠️ API error: The request cannot be completed because you have exceeded your <a href="/youtube/v3/getting-started#quota">quota</a>.
   ⚠️ API error: The request cannot be completed because you have exceeded your <a href="/youtube/v3/getting-started#quota">quota</a>.
   ✅ 0 videos found
🚗 Volkswagen Tiguan...
   ⚠️ API error: The request cannot be completed because you have exceeded your <a href="/youtube/v3/getting-started#quota">quota</a>.
   ⚠️ API error: The request cannot be completed because you have exceeded your <a href="/youtube/v3/getting-started#quota">quota</a>.
   ✅ 0 videos found
🚗 Volkswagen ID.4...
   ⚠️ API error: The request cannot be completed because you have exceeded your <a href="/youtube/v3/getting-started#quota">quota</a>.
   ⚠️ API error: The request cannot be completed because you have exceeded your <a href="/youtube/v3/getting-started#quota">quota</a>.
   ⚠️ API error: The request cannot be completed because you have exceeded your <a href="/youtube/v3/getting-started#quota">quota</a>.
   ✅ 0 videos found
🚗 Porsche 911...
   ⚠️ API error: The request cannot be completed because you have exceeded your <a href="/youtube/v3/getting-started#quota">quota</a>.
   ⚠️ API error: The request cannot be completed because you have exceeded your <a href="/youtube/v3/getting-started#quota">quota</a>.
   ⚠️ API error: The request cannot be completed because you have exceeded your <a href="/youtube/v3/getting-started#quota">quota</a>.
   ✅ 0 videos found
🚗 Porsche Cayenne...
   ⚠️ API error: The request cannot be completed because you have exceeded your <a href="/youtube/v3/getting-started#quota">quota</a>.
   ⚠️ API error: The request cannot be completed because you have exceeded your <a href="/youtube/v3/getting-started#quota">quota</a>.
   ✅ 0 videos found
🚗 Porsche Taycan...
   ⚠️ API error: The request cannot be completed because you have exceeded your <a href="/youtube/v3/getting-started#quota">quota</a>.
   ⚠️ API error: The request cannot be completed because you have exceeded your <a href="/youtube/v3/getting-started#quota">quota</a>.
   ✅ 0 videos found
🚗 Porsche Macan...
   ⚠️ API error: The request cannot be completed because you have exceeded your <a href="/youtube/v3/getting-started#quota">quota</a>.
   ⚠️ API error: The request cannot be completed because you have exceeded your <a href="/youtube/v3/getting-started#quota">quota</a>.
   ⚠️ API error: The request cannot be completed because you have exceeded your <a href="/youtube/v3/getting-started#quota">quota</a>.
   ✅ 0 videos found
🚗 Tesla Model 3...
   ⚠️ API error: The request cannot be completed because you have exceeded your <a href="/youtube/v3/getting-started#quota">quota</a>.
   ⚠️ API error: The request cannot be completed because you have exceeded your <a href="/youtube/v3/getting-started#quota">quota</a>.
   ⚠️ API error: The request cannot be completed because you have exceeded your <a href="/youtube/v3/getting-started#quota">quota</a>.
   ✅ 0 videos found
🚗 Tesla Model Y...
   ⚠️ API error: The request cannot be completed because you have exceeded your <a href="/youtube/v3/getting-started#quota">quota</a>.
   ⚠️ API error: The request cannot be completed because you have exceeded your <a href="/youtube/v3/getting-started#quota">quota</a>.
   ✅ 0 videos found
🚗 Tesla Model S...
   ⚠️ API error: The request cannot be completed because you have exceeded your <a href="/youtube/v3/getting-started#quota">quota</a>.
   ⚠️ API error: The request cannot be completed because you have exceeded your <a href="/youtube/v3/getting-started#quota">quota</a>.
   ✅ 0 videos found
🚗 Hyundai Ioniq 5...
   ⚠️ API error: The request cannot be completed because you have exceeded your <a href="/youtube/v3/getting-started#quota">quota</a>.
   ⚠️ API error: The request cannot be completed because you have exceeded your <a href="/youtube/v3/getting-started#quota">quota</a>.
   ✅ 0 videos found
🚗 Hyundai Ioniq 6...
   ⚠️ API error: The request cannot be completed because you have exceeded your <a href="/youtube/v3/getting-started#quota">quota</a>.
   ✅ 0 videos found
🚗 Hyundai Tucson...
   ⚠️ API error: The request cannot be completed because you have exceeded your <a href="/youtube/v3/getting-started#quota">quota</a>.
   ⚠️ API error: The request cannot be completed because you have exceeded your <a href="/youtube/v3/getting-started#quota">quota</a>.
   ✅ 0 videos found
🚗 Volvo XC60...
   ⚠️ API error: The request cannot be completed because you have exceeded your <a href="/youtube/v3/getting-started#quota">quota</a>.
   ✅ 0 videos found
🚗 Volvo XC90...
   ⚠️ API error: The request cannot be completed because you have exceeded your <a href="/youtube/v3/getting-started#quota">quota</a>.
   ✅ 0 videos found
🚗 Volvo EX30...
   ⚠️ API error: The request cannot be completed because you have exceeded your <a href="/youtube/v3/getting-started#quota">quota</a>.
   ✅ 0 videos found
🚗 Skoda Octavia...
   ⚠️ API error: The request cannot be completed because you have exceeded your <a href="/youtube/v3/getting-started#quota">quota</a>.
   ⚠️ API error: The request cannot be completed because you have exceeded your <a href="/youtube/v3/getting-started#quota">quota</a>.
   ✅ 0 videos found
🚗 Skoda Kodiaq...
   ⚠️ API error: The request cannot be completed because you have exceeded your <a href="/youtube/v3/getting-started#quota">quota</a>.
   ✅ 0 videos found
🚗 Skoda Enyaq...
   ⚠️ API error: The request cannot be completed because you have exceeded your <a href="/youtube/v3/getting-started#quota">quota</a>.
   ⚠️ API error: The request cannot be completed because you have exceeded your <a href="/youtube/v3/getting-started#quota">quota</a>.
   ✅ 0 videos found

══════════════════════════════════════════════════
📊 Scraping Complete:
══════════════════════════════════════════════════
   Vehicles processed: 35
   Total videos: 180
   API quota used: ~8596 units

📁 Saved to: ../data/youtube_videos.json
📁 Index saved to: ../data/youtube_by_model.json
